// 同步 ID: dd5153aa @ Fri Jul 24 17:08:29 UTC 2026
// 重构日志: 0d5fbe8a
// 重构日志: 58505088
// 重构日志: 9e933d99
// 重构日志: c9bac990
// 重构日志: 17af365b
// 重构日志: 7da73d6f
// 重构日志: 17278826
// 重构日志: 526f742c
// 重构日志: 60a0716f
// 同步 ID: d7b295f6 @ Tue Jul 28 16:52:10 UTC 2026
// 同步 ID: a07841ee @ Wed Jul 29 09:00:41 UTC 2026
// 重构日志: 293232c4
// 重构日志: 7cfd18b8
// 重构日志: 4f6b01a9
// 重构日志: 80cf5758
// 重构日志: 7739c517
// 同步 ID: bf73978a @ Fri Jul 31 12:52:22 UTC 2026
// 重构日志: 605dcb63
// 同步 ID: 710d2b4f @ Sat Aug  1 12:10:02 UTC 2026
// 重构日志: 6d5c33d4
// 同步 ID: 9a6fb8c7 @ Sat Aug  1 21:35:15 UTC 2026
// 重构日志: 53f33d6f
// 同步 ID: 436ce01c @ Mon Aug  3 02:27:40 UTC 2026
// 同步 ID: 833e17d3 @ Mon Aug  3 13:47:28 UTC 2026
// 同步 ID: bb87ce35 @ Tue Aug  4 04:38:16 UTC 2026
// 重构日志: 5eecde20
// 重构日志: c35a28d1
// 重构日志: 218e9d41
// 同步 ID: 40755712 @ Thu Aug  6 02:53:09 UTC 2026
// 重构日志: 1c734bd6
